

================================================================
== Vitis HLS Report for 'ADMM_solver'
================================================================
* Date:           Sat Feb 28 22:09:14 2026

* Version:        2025.2 (Build 6295257 on Nov 14 2025)
* Project:        ADMM
* Solution:       hls (Vivado IP Flow Target)
* Product family: artix7
* Target device:  xc7a100t-csg324-1


================================================================
== Performance Estimates
================================================================
+ Timing: 
    * Summary: 
    +--------+----------+----------+------------+
    |  Clock |  Target  | Estimated| Uncertainty|
    +--------+----------+----------+------------+
    |ap_clk  |  10.00 ns|  7.916 ns|     2.70 ns|
    +--------+----------+----------+------------+

+ Latency: 
    * Summary: 
    +---------+---------+----------+----------+--------+--------+---------+
    |  Latency (cycles) |  Latency (absolute) |     Interval    | Pipeline|
    |   min   |   max   |    min   |    max   |   min  |   max  |   Type  |
    +---------+---------+----------+----------+--------+--------+---------+
    |   189371|   189371|  1.894 ms|  1.894 ms|  189372|  189372|       no|
    +---------+---------+----------+----------+--------+--------+---------+

    + Detail: 
        * Instance: 
        +--------------------------------------------------------+---------------------------------------------+---------+---------+-----------+-----------+-----+-----+-------------------+
        |                                                        |                                             |  Latency (cycles) |   Latency (absolute)  |  Interval |      Pipeline     |
        |                        Instance                        |                    Module                   |   min   |   max   |    min    |    max    | min | max |        Type       |
        +--------------------------------------------------------+---------------------------------------------+---------+---------+-----------+-----------+-----+-----+-------------------+
        |grp_ADMM_solver_Pipeline_VITIS_LOOP_137_1_fu_727        |ADMM_solver_Pipeline_VITIS_LOOP_137_1        |       14|       14|   0.140 us|   0.140 us|    0|    0|  loop pipeline stp|
        |grp_ADMM_solver_Pipeline_2_fu_733                       |ADMM_solver_Pipeline_2                       |       22|       22|   0.220 us|   0.220 us|    0|    0|  loop pipeline stp|
        |grp_ADMM_solver_Pipeline_INIT_WINDOW_fu_738             |ADMM_solver_Pipeline_INIT_WINDOW             |       22|       22|   0.220 us|   0.220 us|    0|    0|  loop pipeline stp|
        |grp_ADMM_solver_Pipeline_FORW_SUBST_EXTERN_LOOP_fu_743  |ADMM_solver_Pipeline_FORW_SUBST_EXTERN_LOOP  |     4093|     4093|  40.930 us|  40.930 us|    0|    0|  loop pipeline stp|
        |grp_ADMM_solver_Pipeline_BACK_SUBST_EXTERN_LOOP_fu_814  |ADMM_solver_Pipeline_BACK_SUBST_EXTERN_LOOP  |     4093|     4093|  40.930 us|  40.930 us|    0|    0|  loop pipeline stp|
        |grp_ADMM_solver_Pipeline_ADMM_IT_ZY_UPDATE_LOOP_fu_885  |ADMM_solver_Pipeline_ADMM_IT_ZY_UPDATE_LOOP  |      968|      968|   9.680 us|   9.680 us|    0|    0|  loop pipeline stp|
        |grp_ADMM_solver_Pipeline_AT_MUL_EXTERN_LOOP_fu_915      |ADMM_solver_Pipeline_AT_MUL_EXTERN_LOOP      |      271|      271|   2.710 us|   2.710 us|    0|    0|  loop pipeline stp|
        +--------------------------------------------------------+---------------------------------------------+---------+---------+-----------+-----------+-----+-----+-------------------+

        * Loop: 
        +------------------+---------+---------+----------+-----------+-----------+------+----------+
        |                  |  Latency (cycles) | Iteration|  Initiation Interval  | Trip |          |
        |     Loop Name    |   min   |   max   |  Latency |  achieved |   target  | Count| Pipelined|
        +------------------+---------+---------+----------+-----------+-----------+------+----------+
        |- ADMM_MAIN_LOOP  |   189340|   189340|      9467|          -|          -|    20|        no|
        +------------------+---------+---------+----------+-----------+-----------+------+----------+



================================================================
== Utilization Estimates
================================================================
* Summary: 
+-----------------+---------+-----+--------+-------+-----+
|       Name      | BRAM_18K| DSP |   FF   |  LUT  | URAM|
+-----------------+---------+-----+--------+-------+-----+
|DSP              |        -|    -|       -|      -|    -|
|Expression       |        -|    -|       0|     28|    -|
|FIFO             |        -|    -|       -|      -|    -|
|Instance         |       80|   79|   18848|  10488|    0|
|Memory           |       28|    -|     224|     32|    0|
|Multiplexer      |        -|    -|       0|   1280|    -|
|Register         |        -|    -|    1777|      -|    -|
+-----------------+---------+-----+--------+-------+-----+
|Total            |      108|   79|   20849|  11828|    0|
+-----------------+---------+-----+--------+-------+-----+
|Available        |      270|  240|  126800|  63400|    0|
+-----------------+---------+-----+--------+-------+-----+
|Utilization (%)  |       40|   32|      16|     18|    0|
+-----------------+---------+-----+--------+-------+-----+

+ Detail: 
    * Instance: 
    +--------------------------------------------------------+---------------------------------------------+---------+----+------+------+-----+
    |                        Instance                        |                    Module                   | BRAM_18K| DSP|  FF  |  LUT | URAM|
    +--------------------------------------------------------+---------------------------------------------+---------+----+------+------+-----+
    |grp_ADMM_solver_Pipeline_2_fu_733                       |ADMM_solver_Pipeline_2                       |        0|   0|     7|    53|    0|
    |grp_ADMM_solver_Pipeline_ADMM_IT_ZY_UPDATE_LOOP_fu_885  |ADMM_solver_Pipeline_ADMM_IT_ZY_UPDATE_LOOP  |       11|  14|  3877|  2420|    0|
    |grp_ADMM_solver_Pipeline_AT_MUL_EXTERN_LOOP_fu_915      |ADMM_solver_Pipeline_AT_MUL_EXTERN_LOOP      |       27|  48|  6913|  4228|    0|
    |grp_ADMM_solver_Pipeline_BACK_SUBST_EXTERN_LOOP_fu_814  |ADMM_solver_Pipeline_BACK_SUBST_EXTERN_LOOP  |       21|   0|  3191|  1156|    0|
    |grp_ADMM_solver_Pipeline_FORW_SUBST_EXTERN_LOOP_fu_743  |ADMM_solver_Pipeline_FORW_SUBST_EXTERN_LOOP  |       21|   0|  3189|  1170|    0|
    |grp_ADMM_solver_Pipeline_INIT_WINDOW_fu_738             |ADMM_solver_Pipeline_INIT_WINDOW             |        0|   0|     7|    53|    0|
    |grp_ADMM_solver_Pipeline_VITIS_LOOP_137_1_fu_727        |ADMM_solver_Pipeline_VITIS_LOOP_137_1        |        0|   0|    11|    64|    0|
    |fadd_32ns_32ns_32_7_full_dsp_1_U171                     |fadd_32ns_32ns_32_7_full_dsp_1               |        0|   2|   306|   231|    0|
    |fadd_32ns_32ns_32_7_full_dsp_1_U173                     |fadd_32ns_32ns_32_7_full_dsp_1               |        0|   2|   306|   231|    0|
    |faddfsub_32ns_32ns_32_7_full_dsp_1_U170                 |faddfsub_32ns_32ns_32_7_full_dsp_1           |        0|   2|   306|   231|    0|
    |faddfsub_32ns_32ns_32_7_full_dsp_1_U172                 |faddfsub_32ns_32ns_32_7_full_dsp_1           |        0|   2|   306|   231|    0|
    |fmul_32ns_32ns_32_4_max_dsp_1_U174                      |fmul_32ns_32ns_32_4_max_dsp_1                |        0|   3|   143|   140|    0|
    |fmul_32ns_32ns_32_4_max_dsp_1_U175                      |fmul_32ns_32ns_32_4_max_dsp_1                |        0|   3|   143|   140|    0|
    |fmul_32ns_32ns_32_4_max_dsp_1_U176                      |fmul_32ns_32ns_32_4_max_dsp_1                |        0|   3|   143|   140|    0|
    +--------------------------------------------------------+---------------------------------------------+---------+----+------+------+-----+
    |Total                                                   |                                             |       80|  79| 18848| 10488|    0|
    +--------------------------------------------------------+---------------------------------------------+---------+----+------+------+-----+

    * DSP: 
    N/A

    * Memory: 
    +---------------------+-------------------------------------------------------------+---------+----+----+-----+------+-----+------+-------------+
    |        Memory       |                            Module                           | BRAM_18K| FF | LUT| URAM| Words| Bits| Banks| W*Bits*Banks|
    +---------------------+-------------------------------------------------------------+---------+----+----+-----+------+-----+------+-------------+
    |b_U                  |ADMM_solver_Pipeline_ADMM_IT_ZY_UPDATE_LOOP_y_RAM_AUTO_1R1W  |        1|   0|   0|    0|   172|   32|     1|         5504|
    |b_tmp_U              |b_tmp_RAM_1WNR_AUTO_1R1W                                     |       24|   0|   0|    0|   172|   32|     1|         5504|
    |current_in_1_U       |current_in_1_RAM_AUTO_1R1W                                   |        0|  64|   6|    0|    12|   32|     1|          384|
    |current_state_vec_U  |current_state_vec_RAM_AUTO_1R1W                              |        0|  32|   6|    0|    12|   32|     1|          384|
    |tmp_U                |tmp_RAM_AUTO_1R1W                                            |        1|   0|   0|    0|   172|   32|     1|         5504|
    |window_U             |window_RAM_AUTO_1R1W                                         |        0|  64|  10|    0|    20|   32|     1|          640|
    |window_1_U           |window_RAM_AUTO_1R1W                                         |        0|  64|  10|    0|    20|   32|     1|          640|
    |x_U                  |x_RAM_AUTO_1R1W                                              |        2|   0|   0|    0|   172|   32|     1|         5504|
    +---------------------+-------------------------------------------------------------+---------+----+----+-----+------+-----+------+-------------+
    |Total                |                                                             |       28| 224|  32|    0|   752|  256|     8|        24064|
    +---------------------+-------------------------------------------------------------+---------+----+----+-----+------+-----+------+-------------+

    * FIFO: 
    N/A

    * Expression: 
    +----------------------------------+----------+----+---+----+------------+------------+
    |           Variable Name          | Operation| DSP| FF| LUT| Bitwidth P0| Bitwidth P1|
    +----------------------------------+----------+----+---+----+------------+------------+
    |iter_2_fu_1126_p2                 |         +|   0|  0|  13|           5|           1|
    |icmp_ln142_fu_1120_p2             |      icmp|   0|  0|  13|           5|           5|
    |ap_block_state10_on_subcall_done  |        or|   0|  0|   2|           1|           1|
    +----------------------------------+----------+----+---+----+------------+------------+
    |Total                             |          |   0|  0|  28|          11|           7|
    +----------------------------------+----------+----+---+----+------------+------------+

    * Multiplexer: 
    +-----------------------------+-----+-----------+-----+-----------+
    |             Name            | LUT | Input Size| Bits| Total Bits|
    +-----------------------------+-----+-----------+-----+-----------+
    |ap_NS_fsm                    |  169|         38|    1|         38|
    |b_address0                   |   13|          3|    8|         24|
    |b_ce0                        |   13|          3|    1|          3|
    |b_tmp_address0               |   13|          3|    8|         24|
    |b_tmp_ce0                    |   13|          3|    1|          3|
    |b_tmp_ce1                    |    9|          2|    1|          2|
    |b_tmp_ce10                   |    9|          2|    1|          2|
    |b_tmp_ce11                   |    9|          2|    1|          2|
    |b_tmp_ce12                   |    9|          2|    1|          2|
    |b_tmp_ce2                    |    9|          2|    1|          2|
    |b_tmp_ce3                    |    9|          2|    1|          2|
    |b_tmp_ce4                    |    9|          2|    1|          2|
    |b_tmp_ce5                    |    9|          2|    1|          2|
    |b_tmp_ce6                    |    9|          2|    1|          2|
    |b_tmp_ce7                    |    9|          2|    1|          2|
    |b_tmp_ce8                    |    9|          2|    1|          2|
    |b_tmp_ce9                    |    9|          2|    1|          2|
    |b_tmp_we0                    |    9|          2|    1|          2|
    |b_we0                        |    9|          2|    1|          2|
    |current_in_1_address0        |    9|          2|    4|          8|
    |current_in_1_address0_local  |   29|          7|    4|         28|
    |current_in_1_address1_local  |   29|          7|    4|         28|
    |current_in_1_ce0             |    9|          2|    1|          2|
    |current_in_1_d0_local        |   29|          7|   32|        224|
    |current_in_1_d1_local        |   29|          7|   32|        224|
    |current_state_vec_address0   |   13|          3|    4|         12|
    |current_state_vec_ce0        |   13|          3|    1|          3|
    |current_state_vec_we0        |    9|          2|    1|          2|
    |grp_fu_1646_ce               |   21|          5|    1|          5|
    |grp_fu_1646_p0               |   21|          5|   32|        160|
    |grp_fu_1646_p1               |   21|          5|   32|        160|
    |grp_fu_1650_ce               |   21|          5|    1|          5|
    |grp_fu_1650_p0               |   21|          5|   32|        160|
    |grp_fu_1650_p1               |   21|          5|   32|        160|
    |grp_fu_1654_ce               |   13|          3|    1|          3|
    |grp_fu_1654_p0               |   13|          3|   32|         96|
    |grp_fu_1654_p1               |   13|          3|   32|         96|
    |grp_fu_950_ce                |   21|          5|    1|          5|
    |grp_fu_950_opcode            |   25|          6|    2|         12|
    |grp_fu_950_p0                |   25|          6|   32|        192|
    |grp_fu_950_p1                |   25|          6|   32|        192|
    |grp_fu_955_ce                |   13|          3|    1|          3|
    |grp_fu_955_p0                |   17|          4|   32|        128|
    |grp_fu_955_p1                |   17|          4|   32|        128|
    |grp_fu_960_ce                |   13|          3|    1|          3|
    |grp_fu_960_opcode            |   17|          4|    2|          8|
    |grp_fu_960_p0                |   17|          4|   32|        128|
    |grp_fu_960_p1                |   17|          4|   32|        128|
    |grp_fu_965_ce                |    9|          2|    1|          2|
    |grp_fu_965_p0                |   13|          3|   32|         96|
    |grp_fu_965_p1                |   13|          3|   32|         96|
    |iter_fu_268                  |    9|          2|    5|         10|
    |tmp_address0                 |   13|          3|    8|         24|
    |tmp_ce0                      |   13|          3|    1|          3|
    |tmp_we0                      |    9|          2|    1|          2|
    |window_1_address0            |    9|          2|    5|         10|
    |window_1_address0_local      |   45|         11|    5|         55|
    |window_1_address1_local      |   45|         11|    5|         55|
    |window_1_ce0                 |    9|          2|    1|          2|
    |window_1_we0                 |    9|          2|    1|          2|
    |window_address0              |    9|          2|    5|         10|
    |window_address0_local        |   45|         11|    5|         55|
    |window_address1_local        |   45|         11|    5|         55|
    |window_ce0                   |    9|          2|    1|          2|
    |window_we0                   |    9|          2|    1|          2|
    |x_address0                   |   13|          3|    8|         24|
    |x_address0_local             |   13|          3|    8|         24|
    |x_address1                   |    9|          2|    8|         16|
    |x_address1_local             |   13|          3|    8|         24|
    |x_ce0                        |   13|          3|    1|          3|
    |x_ce1                        |    9|          2|    1|          2|
    |x_we0                        |    9|          2|    1|          2|
    +-----------------------------+-----+-----------+-----+-----------+
    |Total                        | 1280|        298|  659|       2999|
    +-----------------------------+-----+-----------+-----+-----------+

    * Register: 
    +---------------------------------------------------------------------+----+----+-----+-----------+
    |                                 Name                                | FF | LUT| Bits| Const Bits|
    +---------------------------------------------------------------------+----+----+-----+-----------+
    |ap_CS_fsm                                                            |  37|   0|   37|          0|
    |grp_ADMM_solver_Pipeline_2_fu_733_ap_start_reg                       |   1|   0|    1|          0|
    |grp_ADMM_solver_Pipeline_ADMM_IT_ZY_UPDATE_LOOP_fu_885_ap_start_reg  |   1|   0|    1|          0|
    |grp_ADMM_solver_Pipeline_AT_MUL_EXTERN_LOOP_fu_915_ap_start_reg      |   1|   0|    1|          0|
    |grp_ADMM_solver_Pipeline_BACK_SUBST_EXTERN_LOOP_fu_814_ap_start_reg  |   1|   0|    1|          0|
    |grp_ADMM_solver_Pipeline_FORW_SUBST_EXTERN_LOOP_fu_743_ap_start_reg  |   1|   0|    1|          0|
    |grp_ADMM_solver_Pipeline_INIT_WINDOW_fu_738_ap_start_reg             |   1|   0|    1|          0|
    |grp_ADMM_solver_Pipeline_VITIS_LOOP_137_1_fu_727_ap_start_reg        |   1|   0|    1|          0|
    |iter_fu_268                                                          |   5|   0|    5|          0|
    |tmp_10_reg_1218                                                      |  32|   0|   32|          0|
    |tmp_2_reg_1173                                                       |  32|   0|   32|          0|
    |tmp_3_reg_1178                                                       |  32|   0|   32|          0|
    |tmp_4_reg_1183                                                       |  32|   0|   32|          0|
    |tmp_5_reg_1188                                                       |  32|   0|   32|          0|
    |tmp_6_reg_1193                                                       |  32|   0|   32|          0|
    |tmp_7_reg_1198                                                       |  32|   0|   32|          0|
    |tmp_8_reg_1203                                                       |  32|   0|   32|          0|
    |tmp_9_reg_1208                                                       |  32|   0|   32|          0|
    |tmp_s_reg_1213                                                       |  32|   0|   32|          0|
    |window_1_load_10_reg_1506                                            |  32|   0|   32|          0|
    |window_1_load_11_reg_1511                                            |  32|   0|   32|          0|
    |window_1_load_12_reg_1526                                            |  32|   0|   32|          0|
    |window_1_load_13_reg_1531                                            |  32|   0|   32|          0|
    |window_1_load_14_reg_1546                                            |  32|   0|   32|          0|
    |window_1_load_15_reg_1551                                            |  32|   0|   32|          0|
    |window_1_load_16_reg_1566                                            |  32|   0|   32|          0|
    |window_1_load_17_reg_1571                                            |  32|   0|   32|          0|
    |window_1_load_18_reg_1586                                            |  32|   0|   32|          0|
    |window_1_load_19_reg_1591                                            |  32|   0|   32|          0|
    |window_1_load_1_reg_1431                                             |  32|   0|   32|          0|
    |window_1_load_2_reg_1436                                             |  32|   0|   32|          0|
    |window_1_load_3_reg_1441                                             |  32|   0|   32|          0|
    |window_1_load_4_reg_1446                                             |  32|   0|   32|          0|
    |window_1_load_5_reg_1451                                             |  32|   0|   32|          0|
    |window_1_load_6_reg_1466                                             |  32|   0|   32|          0|
    |window_1_load_7_reg_1471                                             |  32|   0|   32|          0|
    |window_1_load_8_reg_1486                                             |  32|   0|   32|          0|
    |window_1_load_9_reg_1491                                             |  32|   0|   32|          0|
    |window_1_load_reg_1426                                               |  32|   0|   32|          0|
    |window_load_10_reg_1556                                              |  32|   0|   32|          0|
    |window_load_11_reg_1561                                              |  32|   0|   32|          0|
    |window_load_12_reg_1576                                              |  32|   0|   32|          0|
    |window_load_13_reg_1581                                              |  32|   0|   32|          0|
    |window_load_14_reg_1596                                              |  32|   0|   32|          0|
    |window_load_15_reg_1601                                              |  32|   0|   32|          0|
    |window_load_16_reg_1606                                              |  32|   0|   32|          0|
    |window_load_17_reg_1611                                              |  32|   0|   32|          0|
    |window_load_18_reg_1616                                              |  32|   0|   32|          0|
    |window_load_19_reg_1621                                              |  32|   0|   32|          0|
    |window_load_1_reg_1461                                               |  32|   0|   32|          0|
    |window_load_2_reg_1476                                               |  32|   0|   32|          0|
    |window_load_3_reg_1481                                               |  32|   0|   32|          0|
    |window_load_4_reg_1496                                               |  32|   0|   32|          0|
    |window_load_5_reg_1501                                               |  32|   0|   32|          0|
    |window_load_6_reg_1516                                               |  32|   0|   32|          0|
    |window_load_7_reg_1521                                               |  32|   0|   32|          0|
    |window_load_8_reg_1536                                               |  32|   0|   32|          0|
    |window_load_9_reg_1541                                               |  32|   0|   32|          0|
    |window_load_reg_1456                                                 |  32|   0|   32|          0|
    |x_load_1_reg_1631                                                    |  32|   0|   32|          0|
    |x_load_2_reg_1636                                                    |  32|   0|   32|          0|
    |x_load_3_reg_1641                                                    |  32|   0|   32|          0|
    |x_load_reg_1626                                                      |  32|   0|   32|          0|
    +---------------------------------------------------------------------+----+----+-----+-----------+
    |Total                                                                |1777|   0| 1777|          0|
    +---------------------------------------------------------------------+----+----+-----+-----------+



================================================================
== Interface
================================================================
* Summary: 
+--------------------+-----+-----+------------+--------------+--------------+
|      RTL Ports     | Dir | Bits|  Protocol  | Source Object|    C Type    |
+--------------------+-----+-----+------------+--------------+--------------+
|ap_clk              |   in|    1|  ap_ctrl_hs|   ADMM_solver|  return value|
|ap_rst              |   in|    1|  ap_ctrl_hs|   ADMM_solver|  return value|
|ap_start            |   in|    1|  ap_ctrl_hs|   ADMM_solver|  return value|
|ap_done             |  out|    1|  ap_ctrl_hs|   ADMM_solver|  return value|
|ap_idle             |  out|    1|  ap_ctrl_hs|   ADMM_solver|  return value|
|ap_ready            |  out|    1|  ap_ctrl_hs|   ADMM_solver|  return value|
|current_in          |   in|  384|     ap_none|    current_in|        scalar|
|command_out         |  out|  128|      ap_vld|   command_out|       pointer|
|command_out_ap_vld  |  out|    1|      ap_vld|   command_out|       pointer|
+--------------------+-----+-----+------------+--------------+--------------+

