

================================================================
== Vitis HLS Report for 'forward_substitution'
================================================================
* Date:           Thu Dec 11 08:32:21 2025

* Version:        2025.2 (Build 6295257 on Nov 14 2025)
* Project:        forward_subst
* Solution:       hls (Vivado IP Flow Target)
* Product family: artix7
* Target device:  xc7a100ti-csg324-1L


================================================================
== Performance Estimates
================================================================
+ Timing: 
    * Summary: 
    +--------+----------+----------+------------+
    |  Clock |  Target  | Estimated| Uncertainty|
    +--------+----------+----------+------------+
    |ap_clk  |  10.00 ns|  6.860 ns|     2.70 ns|
    +--------+----------+----------+------------+

+ Latency: 
    * Summary: 
    +---------+---------+----------+----------+-----+-----+------------------------------------------------+
    |  Latency (cycles) |  Latency (absolute) |  Interval |                    Pipeline                    |
    |   min   |   max   |    min   |    max   | min | max |                      Type                      |
    +---------+---------+----------+----------+-----+-----+------------------------------------------------+
    |       91|       91|  0.910 us|  0.910 us|   90|   90|  loop auto-rewind stp (delay=0 clock cycles(s))|
    +---------+---------+----------+----------+-----+-----+------------------------------------------------+

    + Detail: 
        * Instance: 
        N/A

        * Loop: 
        +-------------------+---------+---------+----------+-----------+-----------+------+----------+
        |                   |  Latency (cycles) | Iteration|  Initiation Interval  | Trip |          |
        |     Loop Name     |   min   |   max   |  Latency |  achieved |   target  | Count| Pipelined|
        +-------------------+---------+---------+----------+-----------+-----------+------+----------+
        |- VITIS_LOOP_12_1  |       89|       89|         9|          9|         11|    10|       yes|
        +-------------------+---------+---------+----------+-----------+-----------+------+----------+



================================================================
== Utilization Estimates
================================================================
* Summary: 
+-----------------+---------+-----+--------+-------+-----+
|       Name      | BRAM_18K| DSP |   FF   |  LUT  | URAM|
+-----------------+---------+-----+--------+-------+-----+
|DSP              |        -|    -|       -|      -|    -|
|Expression       |        -|    -|       0|    121|    -|
|FIFO             |        -|    -|       -|      -|    -|
|Instance         |        -|    4|     334|    102|    -|
|Memory           |        0|    -|      48|      9|    -|
|Multiplexer      |        -|    -|       0|    112|    -|
|Register         |        -|    -|     308|      -|    -|
+-----------------+---------+-----+--------+-------+-----+
|Total            |        0|    4|     690|    344|    0|
+-----------------+---------+-----+--------+-------+-----+
|Available        |      270|  240|  126800|  63400|    0|
+-----------------+---------+-----+--------+-------+-----+
|Utilization (%)  |        0|    1|      ~0|     ~0|    0|
+-----------------+---------+-----+--------+-------+-----+

+ Detail: 
    * Instance: 
    +------------------------+---------------------+---------+----+-----+----+-----+
    |        Instance        |        Module       | BRAM_18K| DSP|  FF | LUT| URAM|
    +------------------------+---------------------+---------+----+-----+----+-----+
    |mul_16s_32s_48_2_1_U1   |mul_16s_32s_48_2_1   |        0|   2|  165|  50|    0|
    |mul_33s_16ns_48_2_1_U2  |mul_33s_16ns_48_2_1  |        0|   2|  169|  52|    0|
    +------------------------+---------------------+---------+----+-----+----+-----+
    |Total                   |                     |        0|   4|  334| 102|    0|
    +------------------------+---------------------+---------+----+-----+----+-----+

    * DSP: 
    N/A

    * Memory: 
    +----------------+--------------------------+---------+----+----+-----+------+-----+------+-------------+
    |     Memory     |          Module          | BRAM_18K| FF | LUT| URAM| Words| Bits| Banks| W*Bits*Banks|
    +----------------+--------------------------+---------+----+----+-----+------+-----+------+-------------+
    |p_ZL5L_row_0_U  |p_ZL5L_row_0_ROM_AUTO_1R  |        0|  16|   3|    0|    10|   16|     1|          160|
    |p_ZL5L_row_1_U  |p_ZL5L_row_1_ROM_AUTO_1R  |        0|  16|   3|    0|    10|   16|     1|          160|
    |p_ZL5L_row_2_U  |p_ZL5L_row_2_ROM_AUTO_1R  |        0|  16|   3|    0|    10|   16|     1|          160|
    +----------------+--------------------------+---------+----+----+-----+------+-----+------+-------------+
    |Total           |                          |        0|  48|   9|    0|    30|   48|     3|          480|
    +----------------+--------------------------+---------+----+----+-----+------+-----+------+-------------+

    * FIFO: 
    N/A

    * Expression: 
    +---------------------+----------+----+---+----+------------+------------+
    |    Variable Name    | Operation| DSP| FF| LUT| Bitwidth P0| Bitwidth P1|
    +---------------------+----------+----+---+----+------------+------------+
    |add_ln20_fu_232_p2   |         +|   0|  0|  55|          48|          48|
    |i_3_fu_169_p2        |         +|   0|  0|  13|           4|           1|
    |sub_ln23_fu_254_p2   |         -|   0|  0|  40|          33|          33|
    |icmp_ln12_fu_175_p2  |      icmp|   0|  0|  13|           4|           4|
    +---------------------+----------+----+---+----+------------+------------+
    |Total                |          |   0|  0| 121|          89|          86|
    +---------------------+----------+----+---+----+------------+------------+

    * Multiplexer: 
    +----------------------+----+-----------+-----+-----------+
    |         Name         | LUT| Input Size| Bits| Total Bits|
    +----------------------+----+-----------+-----+-----------+
    |ap_NS_fsm             |  41|         10|    1|         10|
    |ap_done_int           |   9|          2|    1|          2|
    |ap_sig_allocacmp_i_1  |   9|          2|    4|          8|
    |grp_fu_135_p0         |  13|          3|   16|         48|
    |grp_fu_135_p1         |  13|          3|   32|         96|
    |i_fu_58               |   9|          2|    4|          8|
    |window_1_fu_66        |   9|          2|   32|         64|
    |window_fu_62          |   9|          2|   32|         64|
    +----------------------+----+-----------+-----+-----------+
    |Total                 | 112|         26|  122|        300|
    +----------------------+----+-----------+-----+-----------+

    * Register: 
    +---------------------------+----+----+-----+-----------+
    |            Name           | FF | LUT| Bits| Const Bits|
    +---------------------------+----+----+-----+-----------+
    |ap_CS_fsm                  |   9|   0|    9|          0|
    |ap_done_reg                |   1|   0|    1|          0|
    |b_load_reg_343             |  32|   0|   32|          0|
    |i_fu_58                    |   4|   0|    4|          0|
    |icmp_ln12_reg_329          |   1|   0|    1|          0|
    |mul_ln20_1_reg_378         |  48|   0|   48|          0|
    |p_ZL5L_row_0_load_reg_333  |  16|   0|   16|          0|
    |p_ZL5L_row_1_load_reg_338  |  16|   0|   16|          0|
    |p_ZL5L_row_2_load_reg_348  |  16|   0|   16|          0|
    |sub_ln23_reg_383           |  33|   0|   33|          0|
    |tmp_reg_373                |  32|   0|   32|          0|
    |window_1_fu_66             |  32|   0|   32|          0|
    |window_5_reg_398           |  32|   0|   32|          0|
    |window_fu_62               |  32|   0|   32|          0|
    |zext_ln12_reg_304          |   4|   0|   64|         60|
    +---------------------------+----+----+-----+-----------+
    |Total                      | 308|   0|  368|         60|
    +---------------------------+----+----+-----+-----------+



================================================================
== Interface
================================================================
* Summary: 
+------------+-----+-----+------------+----------------------+--------------+
|  RTL Ports | Dir | Bits|  Protocol  |     Source Object    |    C Type    |
+------------+-----+-----+------------+----------------------+--------------+
|ap_clk      |   in|    1|  ap_ctrl_hs|  forward_substitution|  return value|
|ap_rst      |   in|    1|  ap_ctrl_hs|  forward_substitution|  return value|
|ap_start    |   in|    1|  ap_ctrl_hs|  forward_substitution|  return value|
|ap_done     |  out|    1|  ap_ctrl_hs|  forward_substitution|  return value|
|ap_idle     |  out|    1|  ap_ctrl_hs|  forward_substitution|  return value|
|ap_ready    |  out|    1|  ap_ctrl_hs|  forward_substitution|  return value|
|b_address0  |  out|    4|   ap_memory|                     b|         array|
|b_ce0       |  out|    1|   ap_memory|                     b|         array|
|b_q0        |   in|   32|   ap_memory|                     b|         array|
|x_address0  |  out|    4|   ap_memory|                     x|         array|
|x_ce0       |  out|    1|   ap_memory|                     x|         array|
|x_we0       |  out|    1|   ap_memory|                     x|         array|
|x_d0        |  out|   32|   ap_memory|                     x|         array|
+------------+-----+-----+------------+----------------------+--------------+

